MAP
NAME "Enschede"
IMAGECOLOR 255 255 255
SIZE 600 800
IMAGETYPE PNG
PROJECTION
    "init=epsg:28992"
END #default projection

# EXTENT 256603 470654 257975 471938 # lon/lat extents of Enschede
# EXTENT 6.7 51.0 6.9 52.0

WEB
    METADATA
        "ows_enable_request" "*"
        "map" "d:/iishome/student/s2793334/extproject/groupWMS.map"
        "ows_schemas_location" "http://schemas.opengeospatial.net"
        "ows_title" "groupWMS"
        "ows_onlineresource" "https://gisedu.itc.utwente.nl/cgi-bin/mapserv.exe?map=d:/iishome/student/s2793334/extproject/groupWMS.map"
        "ows_srs" "EPSG:4326 EPSG:3857" #latlon, mercator
        "wms_feature_info_mime_type" "text/plain"
        "wms_feature_info_mime_type" "text/html"
        "wms_server_version" "1.3.0"
        "wms_formatlist" "image/png,image/gif,image/jpeg,image/tif"
        "wms_format" "image/png"
    END #web metadata
END #web

FONTSET  "fonts/fonts.list"

LAYER
    NAME dtm
    TYPE RASTER
    STATUS ON
    DATA "data/DEM_Final.tif"
    PROCESSING "SCALE=AUTO"

    METADATA
        "ows_title" "dtm"
    END
    PROJECTION
      "init=epsg:28992"
    END
    OPACITY 100
    TOLERANCE 5
    TOLERANCEUNITS pixels
END #layer dtm

LEGEND
    KEYSIZE 16 12
    LABEL
        COLOR 0 0 0
        TYPE TRUETYPE
        FONT "arial"
        SIZE 10
    END #label
    STATUS ON
    POSITION LR
END #legend

END #map